(c) Copyright 2012-2015 Xilinx, Inc. All Rights Reserved.
#-----------------------------------------------------------
# Tool version  : sdscc 2015.2.1 20150925
# Start time    : Tue Nov 15 13:11:15 EST 2016
# Command line  : sdscc -c -ohw/combo_image.o ../hw/combo_image.c
# Log file      : /home/student/ml634/ece5775lab5/Release/_sds/reports/sds_combo_image.log
# Journal file  : /home/student/ml634/ece5775lab5/Release/_sds/reports/sds_combo_image.jou
# Report file   : /home/student/ml634/ece5775lab5/Release/_sds/reports/sds_combo_image.rpt
#-----------------------------------------------------------

# INFO: [SDSoC 0-0] Create data motion intermediate representation
clang_wrapper -target arm-xilinx-linux-gnueabi -mcpu=cortex-a9 -mfpu=vfp -O0 -g     -I /work/zhang/common/tools/xilinx/SDSoC/2015.2.1/arm-xilinx-linux-gnueabi/include  -I /work/zhang/common/tools/xilinx/SDSoC/2015.2.1/Vivado_HLS/2015.2/include   -I/work/zhang/common/tools/xilinx/SDSoC/2015.2.1/SDK/2015.2/gnu/arm/lin/lib/gcc/arm-xilinx-linux-gnueabi/4.9.1/include  -I/work/zhang/common/tools/xilinx/SDSoC/2015.2.1/SDK/2015.2/gnu/arm/lin/lib/gcc/arm-xilinx-linux-gnueabi/4.9.1/include-fixed  -I/work/zhang/common/tools/xilinx/SDSoC/2015.2.1/SDK/2015.2/gnu/arm/lin/arm-xilinx-linux-gnueabi/include  -I/work/zhang/common/tools/xilinx/SDSoC/2015.2.1/SDK/2015.2/gnu/arm/lin/arm-xilinx-linux-gnueabi/libc/usr/include  -D __SDSCC__ -emit-llvm -S /home/student/ml634/ece5775lab5/hw/combo_image.c -o /home/student/ml634/ece5775lab5/Release/_sds/.llvm/hw/combo_image.s
# INFO: [SDSoC 0-0] Compiling /home/student/ml634/ece5775lab5/hw/combo_image.c
arm-xilinx-linux-gnueabi-gcc -c  -D __SDSCC__    -I /work/zhang/common/tools/xilinx/SDSoC/2015.2.1/arm-xilinx-linux-gnueabi/include  -I /work/zhang/common/tools/xilinx/SDSoC/2015.2.1/Vivado_HLS/2015.2/include /home/student/ml634/ece5775lab5/hw/combo_image.c -o hw/combo_image.o
arm-xilinx-linux-gnueabi-objcopy --add-section .xdsdata=/home/student/ml634/ece5775lab5/Release/_sds/swstubs/combo_image.o.xml hw/combo_image.o
# sdscc completed at Tue Nov 15 13:11:15 EST 2016
